[www.antonsnyc.com/index.html]
[backblue.gif]
[fade.gif]
[index.html]
[media-cdn.getbento.com/accounts/36ae7752e94ab282ecee1043de81b5d2/media/images/44130Antons_Favicon.png]
[images.getbento.com/accounts/36ae7752e94ab282ecee1043de81b5d2/media/images/78939Antons_Logo7839.jpg]
[ajax.googleapis.com/ajax/libs/webfont/1.6.26/webfont.js]
[theme-assets.getbento.com/osaka/bc19e15.osaka/assets/js/head.min.js]
[www.google-analytics.com/analytics.js]
[images.getbento.com/accounts/36ae7752e94ab282ecee1043de81b5d2/media/images/78939Antons_Logo.png]
[www.antonsnyc.com/reserve/index.html]
[www.antonsnyc.com/menus/index.html]
[images.getbento.com/accounts/36ae7752e94ab282ecee1043de81b5d2/media/images/78910antons-11-5-1961038417.jpg]
[images.getbento.com/accounts/36ae7752e94ab282ecee1043de81b5d2/media/images/14129Antons_Florals_by_Fox_Fodder_Farm-28417.jpg]
[www.antonsnyc.com/gift-cards/index.html]
[images.getbento.com/accounts/36ae7752e94ab282ecee1043de81b5d2/media/images/33407Antons_0922_LizClayman_002018417.jpg]
[www.antonsnyc.com/location/antons/index.html]
[www.antonsnyc.com/about/index.html]
[www.antonsnyc.com/community/index.html]
[www.antonsnyc.com/contact/index.html]
[www.antonsnyc.com/press/index.html]
[images.getbento.com/accounts/36ae7752e94ab282ecee1043de81b5d2/media/images/87770Antons_0922_LizClayman_001798417.jpg]
[images.getbento.com/accounts/36ae7752e94ab282ecee1043de81b5d2/media/images/18487Antons_0922_LizClayman_000358417.jpg]
[www.antonsnyc.com/jobs/index.html]
[images.getbento.com/accounts/36ae7752e94ab282ecee1043de81b5d2/media/images/71992Antons_0922_LizClayman_000348417.jpg]
[images.getbento.com/accounts/36ae7752e94ab282ecee1043de81b5d2/media/images/2160Antons_0922_LizClayman_001188417.jpg]
[images.getbento.com/accounts/36ae7752e94ab282ecee1043de81b5d2/media/images/40945Antons_West_Village_Wine_Service8417.jpg]
[images.getbento.com/accounts/36ae7752e94ab282ecee1043de81b5d2/media/images/45955Antons_0922_LizClayman_000988417.jpg]
[images.getbento.com/accounts/36ae7752e94ab282ecee1043de81b5d2/media/images/7789Antons_0922_LizClayman_000118417.jpg]
[images.getbento.com/accounts/36ae7752e94ab282ecee1043de81b5d2/media/images/15395Antons_0922_LizClayman_000228417.jpg]
[images.getbento.com/accounts/36ae7752e94ab282ecee1043de81b5d2/media/images/95340Antons_0922_LizClayman_000418417.jpg]
[images.getbento.com/accounts/36ae7752e94ab282ecee1043de81b5d2/media/images/86765Antons_0922_LizClayman_000098417.jpg]
[images.getbento.com/accounts/36ae7752e94ab282ecee1043de81b5d2/media/images/5586Antons_Lobster_High-2c15e.jpg]
[images.getbento.com/accounts/36ae7752e94ab282ecee1043de81b5d2/media/images/47163Antons_Kiss_Me_Pudding-2c15e.jpg]
[theme-assets.getbento.com/osaka/bc19e15.osaka/assets/js/foot.libs.min.js]
[theme-assets.getbento.com/osaka/bc19e15.osaka/assets/js/bentobox.min.js]
[app-assets.getbento.com/alerts-component/25c5bd7/main.js]
[www.antonsnyc.com/index.html]
[app-assets.getbento.com/analytics/c63b6fa/bento-analytics.min.js]
[images.getbento.com/accounts/36ae7752e94ab282ecee1043de81b5d2/media/images/2160Antons_0922_LizClayman_0011811d2.jpg]
[images.getbento.com/accounts/36ae7752e94ab282ecee1043de81b5d2/media/images/Antons-White_Logo2.png]
[images.getbento.com/accounts/36ae7752e94ab282ecee1043de81b5d2/media/images/2160Antons_0922_LizClayman_00118388a.jpg]
[images.getbento.com/accounts/36ae7752e94ab282ecee1043de81b5d2/media/images/21882Antons_0922_LizClayman_00074388a.jpg]
[images.getbento.com/accounts/36ae7752e94ab282ecee1043de81b5d2/media/images/23230Antons_0922_LizClayman_00064388a.jpg]
[www.antonsnyc.com/reserve/index.html]
[images.getbento.com/accounts/36ae7752e94ab282ecee1043de81b5d2/media/images/93692antons-11-5-196038_copy11d2.jpg]
[images.getbento.com/accounts/36ae7752e94ab282ecee1043de81b5d2/media/images/93692antons-11-5-196038_copyc15e.jpg]
[images.getbento.com/accounts/36ae7752e94ab282ecee1043de81b5d2/media/images/34475Roast_Chicken_Crop388a.jpg]
[images.getbento.com/accounts/36ae7752e94ab282ecee1043de81b5d2/media/images/65904Antons_Place_Setting-3c15e.jpg]
[www.antonsnyc.com/menus/index.html]
[images.getbento.com/accounts/36ae7752e94ab282ecee1043de81b5d2/media/images/69082Antons_0922_LizClayman_0010511d2.jpg]
[images.getbento.com/accounts/36ae7752e94ab282ecee1043de81b5d2/media/images/69082Antons_0922_LizClayman_00105388a.jpg]
[images.getbento.com/accounts/36ae7752e94ab282ecee1043de81b5d2/media/images/12243Antons_0922_LizClayman_00099388a.jpg]
[images.getbento.com/accounts/36ae7752e94ab282ecee1043de81b5d2/media/images/23296Nat_Cherry_Windows388a.jpg]
[www.antonsnyc.com/gift-cards/index.html]
[images.getbento.com/accounts/36ae7752e94ab282ecee1043de81b5d2/media/images/24036Nat_Nick_34811d2.jpg]
[images.getbento.com/accounts/36ae7752e94ab282ecee1043de81b5d2/media/images/24036Nat_Nick_348388a.jpg]
[www.antonsnyc.com/about/index.html]
[images.getbento.com/accounts/36ae7752e94ab282ecee1043de81b5d2/media/images/90233Antons_Window_Perch_Wine-311d2.jpg]
[images.getbento.com/accounts/36ae7752e94ab282ecee1043de81b5d2/media/images/90233Antons_Window_Perch_Wine-3c15e.jpg]
[images.getbento.com/accounts/36ae7752e94ab282ecee1043de81b5d2/media/images/87115Antons_0922_LizClayman_00012388a.jpg]
[images.getbento.com/accounts/36ae7752e94ab282ecee1043de81b5d2/media/images/7789Antons_0922_LizClayman_00011388a.jpg]
[www.antonsnyc.com/online-ordering/antons/menu/order-settings.2d.delayed]
[www.antonsnyc.com/location/antons/index.html]
[images.getbento.com/accounts/36ae7752e94ab282ecee1043de81b5d2/media/images/54876Antons_0922_LizClayman_0025311d2.jpg]
[images.getbento.com/accounts/36ae7752e94ab282ecee1043de81b5d2/media/images/54876Antons_0922_LizClayman_00253388a.jpg]
[www.antonsnyc.com/community/index.html]
[images.getbento.com/accounts/36ae7752e94ab282ecee1043de81b5d2/media/images/60475Antons_0922_LizClayman_0024511d2.jpg]
[images.getbento.com/accounts/36ae7752e94ab282ecee1043de81b5d2/media/images/60475Antons_0922_LizClayman_00245388a.jpg]
[www.antonsnyc.com/contact/index.html]
[images.getbento.com/accounts/36ae7752e94ab282ecee1043de81b5d2/media/images/54325Antons_Cake_or_Death-211d2.jpg]
[images.getbento.com/accounts/36ae7752e94ab282ecee1043de81b5d2/media/images/54325Antons_Cake_or_Death-2c15e.jpg]
[images.getbento.com/accounts/36ae7752e94ab282ecee1043de81b5d2/media/images/press_thumbnail87078c15e.jpg]
[images.getbento.com/accounts/36ae7752e94ab282ecee1043de81b5d2/media/images/press_thumbnail73173c15e.jpg]
[images.getbento.com/accounts/36ae7752e94ab282ecee1043de81b5d2/media/images/press_thumbnail58105c15e.jpg]
[images.getbento.com/accounts/36ae7752e94ab282ecee1043de81b5d2/media/images/press_thumbnail61770c15e.jpg]
[images.getbento.com/accounts/36ae7752e94ab282ecee1043de81b5d2/media/images/78910antons-11-5-196103c15e.jpg]
[images.getbento.com/accounts/36ae7752e94ab282ecee1043de81b5d2/media/images/8458antons-11-5-196038_copyc15e.jpg]
[images.getbento.com/accounts/36ae7752e94ab282ecee1043de81b5d2/media/images/48361Nick_Anderer__Natalie_Johson_of_Antonsc15e.jpg]
[images.getbento.com/accounts/36ae7752e94ab282ecee1043de81b5d2/media/images/press_thumbnail89105c15e.jpg]
[images.getbento.com/accounts/36ae7752e94ab282ecee1043de81b5d2/media/images/74617Antons_Dining_Roomc15e.jpg]
[images.getbento.com/accounts/36ae7752e94ab282ecee1043de81b5d2/media/images/press_thumbnail23231c15e.jpg]
[www.antonsnyc.com/press/index.html]
[www.antonsnyc.com/press/index905b.html]
[images.getbento.com/accounts/36ae7752e94ab282ecee1043de81b5d2/media/images/27709Antons_0922_LizClayman_0015111d2.jpg]
[images.getbento.com/accounts/36ae7752e94ab282ecee1043de81b5d2/media/images/27709Antons_0922_LizClayman_00151388a.jpg]
[www.antonsnyc.com/jobs/index.html]
[www.antonsnyc.com/online-ordering/antons/menu/order-settings.html]
[images.getbento.com/accounts/36ae7752e94ab282ecee1043de81b5d2/media/images/press_thumbnail22755c15e.jpg]
[www.antonsnyc.com/press/index905b.html]
[app.culinaryagents.com/widgets/jobs-widget.html]
[www.antonsnyc.com/press/indexcff1.html]
[www.antonsnyc.com/press/indexcff1.html]
